   Compiling alsa-sys v0.3.1
    Checking parking_lot_core v0.9.12
    Checking errno v0.3.14
   Compiling signal-hook v0.3.18
   Compiling strsim v0.11.1
   Compiling ident_case v1.0.1
   Compiling serde v1.0.228
   Compiling crossbeam-utils v0.8.21
    Checking parking_lot v0.12.5
   Compiling darling_core v0.23.0
    Checking signal-hook-registry v1.4.8
    Checking serde_core v1.0.228
   Compiling generator v0.8.8
    Checking block-buffer v0.10.4
    Checking crypto-common v0.1.7
   Compiling serde_derive v1.0.228
   Compiling built v0.7.7
   Compiling rustix v1.1.4
   Compiling heapless v0.8.0
    Checking lazy_static v1.5.0
    Checking pin-project-lite v0.2.17
   Compiling rustix v0.38.44
   Compiling memchr v2.8.0
   Compiling ucd-trie v0.1.7
    Checking byteorder v1.5.0
    Checking hash32 v0.3.1
   Compiling pest v2.8.6
    Checking tracing v0.1.44
    Checking sharded-slab v0.1.7
   Compiling darling_macro v0.23.0
   Compiling flacenc v0.5.1
    Checking digest v0.10.7
    Checking alsa v0.9.1
    Checking tracing-log v0.2.0
    Checking matchers v0.2.0
    Checking mio v1.1.1
    Checking thread_local v1.1.9
    Checking nu-ansi-term v0.50.3
   Compiling instability v0.3.11
    Checking crc-catalog v2.4.0
    Checking stable_deref_trait v1.2.1
   Compiling heck v0.5.0
    Checking linux-raw-sys v0.4.15
    Checking equivalent v1.0.2
   Compiling cpal v0.15.3
    Checking allocator-api2 v0.2.21
    Checking linux-raw-sys v0.12.1
   Compiling paste v1.0.15
   Compiling thiserror v2.0.18
    Checking unicode-segmentation v1.12.0
   Compiling litrs v1.0.0
    Checking either v1.15.0
    Checking foldhash v0.1.5
    Checking hashbrown v0.15.5
    Checking itertools v0.13.0
   Compiling document-features v0.2.12
   Compiling strum_macros v0.26.4
    Checking crc v3.4.0
    Checking tracing-subscriber v0.3.23
    Checking signal-hook-mio v0.2.5
    Checking crossbeam-channel v0.5.15
   Compiling pest_meta v2.8.6
    Checking md-5 v0.10.6
   Compiling darling v0.23.0
    Checking castaway v0.2.4
   Compiling thiserror-impl v2.0.18
    Checking unicode-width v0.2.0
    Checking itoa v1.0.17
   Compiling indoc v2.0.7
   Compiling seq-macro v0.3.6
    Checking ryu v1.0.23
    Checking unicode-width v0.1.14
    Checking scoped-tls v1.0.1
    Checking dasp_sample v0.11.0
    Checking static_assertions v1.1.0
    Checking compact_str v0.8.1
    Checking unicode-truncate v1.1.0
    Checking loom v0.7.2
    Checking strum v0.26.3
   Compiling pest_generator v2.8.6
    Checking crossterm v0.28.1
    Checking crossterm v0.29.0
    Checking lru v0.12.5
    Checking predicates-core v1.0.10
    Checking orpheus-pattern v0.1.0 (/app/crates/orpheus-pattern)
    Checking cassowary v0.3.0
    Checking bitflags v1.3.2
    Checking hound v3.5.1
    Checking rtrb v0.3.3
   Compiling anyhow v1.0.102
    Checking ratatui v0.29.0
    Checking midir v0.10.3
    Checking orpheus-dsp v0.1.0 (/app/crates/orpheus-dsp)
    Checking comfy-table v7.2.2
   Compiling pest_derive v2.8.6
    Checking float-cmp v0.10.0
    Checking regex v1.12.3
    Checking normalize-line-endings v0.3.0
   Compiling assert_cmd v2.1.2
    Checking difflib v0.4.0
    Checking termtree v0.5.1
    Checking anstyle v1.0.13
    Checking predicates-tree v1.0.13
    Checking predicates v3.1.4
    Checking bstr v1.12.1
    Checking wait-timeout v0.2.1
    Checking orpheus-lang v0.1.0 (/app/crates/orpheus-lang)
warning: long literal lacking separators
    --> crates/orpheus-lang/src/value.rs:3612:31
     |
3612 |                 .wrapping_mul(6364136223846793005)
     |                               ^^^^^^^^^^^^^^^^^^^ help: consider: `6_364_136_223_846_793_005`
     |
     = help: for further information visit https://rust-lang.github.io/rust-clippy/rust-1.94.0/index.html#unreadable_literal
     = note: `-W clippy::unreadable-literal` implied by `-W clippy::pedantic`
     = help: to override `-W clippy::pedantic` add `#[allow(clippy::unreadable_literal)]`

warning: long literal lacking separators
    --> crates/orpheus-lang/src/value.rs:3613:31
     |
3613 |                 .wrapping_add(1442695040888963407);
     |                               ^^^^^^^^^^^^^^^^^^^ help: consider: `1_442_695_040_888_963_407`
     |
     = help: for further information visit https://rust-lang.github.io/rust-clippy/rust-1.94.0/index.html#unreadable_literal

warning: these match arms have identical bodies
   --> crates/orpheus-lang/src/builtins.rs:363:13
    |
363 | ...   Self::PitchClassSet | Self::Rev | Self::Sample | Self::Strum | Self::Chaos => 1,
    |       ^^^^^^^^^^^^^^^^^^^^^^^^^^^^^^^^^^^^^^^^^^^^^^^^^^^^^^^^^^^^^^^^^^^^^^^^^^^^^^^
...
400 | ...   Self::MidiCc => 1,
    |       ^^^^^^^^^^^^^^^^^
    |
    = help: if this is unintentional make the arms return different values
    = help: for further information visit https://rust-lang.github.io/rust-clippy/rust-1.94.0/index.html#match_same_arms
    = note: `-W clippy::match-same-arms` implied by `-W clippy::pedantic`
    = help: to override `-W clippy::pedantic` add `#[allow(clippy::match_same_arms)]`
help: otherwise merge the patterns into a single arm
    |
363 ~             Self::PitchClassSet | Self::Rev | Self::Sample | Self::Strum | Self::Chaos | Self::MidiCc => 1,
364 |             Self::Sometimes
...
399 |             | Self::Jux => 2,
400 ~             Self::Rand => 0,
    |

warning: casting `f64` to `u8` may truncate the value
   --> crates/orpheus-lang/src/builtins.rs:472:43
    |
472 |     let value = midi_input::cc_normalized(controller as u8);
    |                                           ^^^^^^^^^^^^^^^^
    |
    = help: if this is intentional allow the lint with `#[allow(clippy::cast_possible_truncation)]` ...
    = help: for further information visit https://rust-lang.github.io/rust-clippy/rust-1.94.0/index.html#cast_possible_truncation
    = note: `-W clippy::cast-possible-truncation` implied by `-W clippy::pedantic`
    = help: to override `-W clippy::pedantic` add `#[allow(clippy::cast_possible_truncation)]`

warning: casting `f64` to `u8` may lose the sign of the value
   --> crates/orpheus-lang/src/builtins.rs:472:43
    |
472 |     let value = midi_input::cc_normalized(controller as u8);
    |                                           ^^^^^^^^^^^^^^^^
    |
    = help: for further information visit https://rust-lang.github.io/rust-clippy/rust-1.94.0/index.html#cast_sign_loss
    = note: `-W clippy::cast-sign-loss` implied by `-W clippy::pedantic`
    = help: to override `-W clippy::pedantic` add `#[allow(clippy::cast_sign_loss)]`

warning: this function has too many lines (101/100)
   --> crates/orpheus-lang/src/export.rs:637:1
    |
637 | fn sample_event_json(event: &Event<crate::value::SampleEvent>) -> String {
    | ^^^^^^^^^^^^^^^^^^^^^^^^^^^^^^^^^^^^^^^^^^^^^^^^^^^^^^^^^^^^^^^^^^^^^^^^
    |
    = help: for further information visit https://rust-lang.github.io/rust-clippy/rust-1.94.0/index.html#too_many_lines
    = note: requested on the command line with `-W clippy::too-many-lines`

warning: use Option::map_or instead of an if let/else
  --> crates/orpheus-lang/src/midi_input.rs:56:5
   |
56 | /     if let Some(atomic_val) = state().cc_values.get(controller as usiz...
57 | |         let raw = atomic_val.load(Ordering::Relaxed);
58 | |         f64::from(raw) / 127.0
59 | |     } else {
60 | |         0.0
61 | |     }
   | |_____^
   |
   = help: for further information visit https://rust-lang.github.io/rust-clippy/rust-1.94.0/index.html#option_if_let_else
   = note: `-W clippy::option-if-let-else` implied by `-W clippy::nursery`
   = help: to override `-W clippy::nursery` add `#[allow(clippy::option_if_let_else)]`
help: try
   |
56 ~     state().cc_values.get(controller as usize).map_or(0.0, |atomic_val| {
57 +         let raw = atomic_val.load(Ordering::Relaxed);
58 +         f64::from(raw) / 127.0
59 +     })
   |

warning: use Option::map_or_else instead of an if let/else
   --> crates/orpheus-lang/src/midi_input.rs:106:5
    |
106 | /     if let Ok(mut queue) = state().note_events.lock() {
107 | |         queue.drain(..).collect()
108 | |     } else {
109 | |         Vec::new()
110 | |     }
    | |_____^ help: try: `state().note_events.lock().map_or_else(|_| Vec::new(), |mut queue| queue.drain(..).collect())`
    |
    = help: for further information visit https://rust-lang.github.io/rust-clippy/rust-1.94.0/index.html#option_if_let_else

warning: unused `self` argument
    --> crates/orpheus-lang/src/session.rs:1010:25
     |
1010 |     fn list_midi_inputs(&self) -> Result<String, String> {
     |                         ^^^^^
     |
     = help: consider refactoring to an associated function
     = help: for further information visit https://rust-lang.github.io/rust-clippy/rust-1.94.0/index.html#unused_self
     = note: `-W clippy::unused-self` implied by `-W clippy::pedantic`
     = help: to override `-W clippy::pedantic` add `#[allow(clippy::unused_self)]`

warning: unused `self` argument
    --> crates/orpheus-lang/src/session.rs:1097:26
     |
1097 |     fn list_midi_outputs(&self) -> Result<String, String> {
     |                          ^^^^^
     |
     = help: consider refactoring to an associated function
     = help: for further information visit https://rust-lang.github.io/rust-clippy/rust-1.94.0/index.html#unused_self

warning: casting `f64` to `u8` may truncate the value
    --> crates/orpheus-lang/src/session.rs:1173:24
     |
1173 |             let note = event.value.round().clamp(0.0, 127.0) as u8;
     |                        ^^^^^^^^^^^^^^^^^^^^^^^^^^^^^^^^^^^^^^^^^^^
     |
     = help: if this is intentional allow the lint with `#[allow(clippy::cast_possible_truncation)]` ...
     = help: for further information visit https://rust-lang.github.io/rust-clippy/rust-1.94.0/index.html#cast_possible_truncation

warning: casting `f64` to `u8` may lose the sign of the value
    --> crates/orpheus-lang/src/session.rs:1173:24
     |
1173 |             let note = event.value.round().clamp(0.0, 127.0) as u8;
     |                        ^^^^^^^^^^^^^^^^^^^^^^^^^^^^^^^^^^^^^^^^^^^
     |
     = help: for further information visit https://rust-lang.github.io/rust-clippy/rust-1.94.0/index.html#cast_sign_loss

warning: this function has too many lines (106/100)
  --> crates/orpheus-lang/src/types/env.rs:45:5
   |
45 |     pub fn with_builtins() -> Self {
   |     ^^^^^^^^^^^^^^^^^^^^^^^^^^^^^^
   |
   = help: for further information visit https://rust-lang.github.io/rust-clippy/rust-1.94.0/index.html#too_many_lines

warning: this argument is passed by value, but not consumed in the function body
    --> crates/orpheus-lang/src/value.rs:2910:20
     |
2910 |     control_parts: I,
     |                    ^
     |
     = help: for further information visit https://rust-lang.github.io/rust-clippy/rust-1.94.0/index.html#needless_pass_by_value
     = note: `-W clippy::needless-pass-by-value` implied by `-W clippy::pedantic`
     = help: to override `-W clippy::pedantic` add `#[allow(clippy::needless_pass_by_value)]`
help: consider taking a reference instead
     |
2910 |     control_parts: &I,
     |                    +

warning: this function has too many lines (159/100)
    --> crates/orpheus-lang/src/value.rs:3037:1
     |
3037 | / fn validate_control_events(
3038 | |     control_events: &[Event<f64>],
3039 | |     kind: ControlPatternKind,
3040 | | ) -> Result<(), EvalError> {
     | |__________________________^
     |
     = help: for further information visit https://rust-lang.github.io/rust-clippy/rust-1.94.0/index.html#too_many_lines

warning: casting `u64` to `usize` may truncate the value on targets with 32-bit wide pointers
    --> crates/orpheus-lang/src/value.rs:3614:21
     |
3614 |             let j = (rng_state as usize) % (i + 1);
     |                     ^^^^^^^^^^^^^^^^^^^^
     |
     = help: if this is intentional allow the lint with `#[allow(clippy::cast_possible_truncation)]` ...
     = help: for further information visit https://rust-lang.github.io/rust-clippy/rust-1.94.0/index.html#cast_possible_truncation
help: ... or use `try_from` and handle the error accordingly
     |
3614 -             let j = (rng_state as usize) % (i + 1);
3614 +             let j = usize::try_from(rng_state) % (i + 1);
     |

warning: function call inside of `unwrap_or`
    --> crates/orpheus-lang/src/value.rs:3633:42
     |
3633 |                         Some(event.whole.unwrap_or(event.part.clone()))
     |                                          ^^^^^^^^^^^^^^^^^^^^^^^^^^^^^ help: try: `unwrap_or_else(|| event.part.clone())`
     |
     = help: for further information visit https://rust-lang.github.io/rust-clippy/rust-1.94.0/index.html#or_fun_call
     = note: `-W clippy::or-fun-call` implied by `-W clippy::nursery`
     = help: to override `-W clippy::nursery` add `#[allow(clippy::or_fun_call)]`

warning: this parameter is a mutable reference but is not used mutably
   --> crates/orpheus-lang/src/eval.rs:229:24
    |
229 |     fn append_unsorted(&mut self, other: Self) -> Result<(), EvalError> {
    |                        ^----^^^^
    |                         |
    |                         help: consider removing this `mut`
    |
    = help: for further information visit https://rust-lang.github.io/rust-clippy/rust-1.94.0/index.html#needless_pass_by_ref_mut
    = note: `-W clippy::needless-pass-by-ref-mut` implied by `-W clippy::nursery`
    = help: to override `-W clippy::nursery` add `#[allow(clippy::needless_pass_by_ref_mut)]`

warning: this parameter is a mutable reference but is not used mutably
    --> crates/orpheus-lang/src/session.rs:1153:26
     |
1153 |     fn send_midi_binding(&mut self, binding_name: &str, channel: u8) -...
     |                          ^----^^^^
     |                           |
     |                           help: consider removing this `mut`
     |
     = help: for further information visit https://rust-lang.github.io/rust-clippy/rust-1.94.0/index.html#needless_pass_by_ref_mut

warning: `orpheus-lang` (lib) generated 19 warnings
    Checking orpheus v0.1.0 (/app)
warning: variables can be used directly in the `format!` string
  --> tests/test_parse_dos.rs:20:23
   |
20 |             let msg = format!("{:?}", e);
   |                       ^^^^^^^^^^^^^^^^^^
   |
   = help: for further information visit https://rust-lang.github.io/rust-clippy/rust-1.94.0/index.html#uninlined_format_args
   = note: `-W clippy::uninlined-format-args` implied by `-W clippy::pedantic`
   = help: to override `-W clippy::pedantic` add `#[allow(clippy::uninlined_format_args)]`
help: change this to
   |
20 -             let msg = format!("{:?}", e);
20 +             let msg = format!("{e:?}");
   |

warning: only a `panic!` in `if`-then statement
  --> tests/test_parse_dos.rs:21:13
   |
21 | /             if !msg.contains("maximum AST depth exceeded") {
22 | |                 panic!("Expected max AST depth error, got: {}", msg);
23 | |             }
   | |_____________^
   |
   = help: for further information visit https://rust-lang.github.io/rust-clippy/rust-1.94.0/index.html#manual_assert
   = note: `-W clippy::manual-assert` implied by `-W clippy::pedantic`
   = help: to override `-W clippy::pedantic` add `#[allow(clippy::manual_assert)]`
help: replace `if`-then-`panic!` with `assert!`
   |
21 -             if !msg.contains("maximum AST depth exceeded") {
22 -                 panic!("Expected max AST depth error, got: {}", msg);
23 -             }
21 +             assert!(msg.contains("maximum AST depth exceeded"), "Expected max AST depth error, got: {}", msg)
   |

warning: variables can be used directly in the `format!` string
  --> tests/test_parse_dos.rs:22:17
   |
22 |                 panic!("Expected max AST depth error, got: {}", msg);
   |                 ^^^^^^^^^^^^^^^^^^^^^^^^^^^^^^^^^^^^^^^^^^^^^^^^^^^^
   |
   = help: for further information visit https://rust-lang.github.io/rust-clippy/rust-1.94.0/index.html#uninlined_format_args
help: change this to
   |
22 -                 panic!("Expected max AST depth error, got: {}", msg);
22 +                 panic!("Expected max AST depth error, got: {msg}");
   |

warning: variables can be used directly in the `format!` string
  --> tests/test_parse_dos.rs:40:23
   |
40 |             let msg = format!("{:?}", e);
   |                       ^^^^^^^^^^^^^^^^^^
   |
   = help: for further information visit https://rust-lang.github.io/rust-clippy/rust-1.94.0/index.html#uninlined_format_args
help: change this to
   |
40 -             let msg = format!("{:?}", e);
40 +             let msg = format!("{e:?}");
   |

warning: only a `panic!` in `if`-then statement
  --> tests/test_parse_dos.rs:41:13
   |
41 | /             if !msg.contains("maximum AST depth exceeded") {
42 | |                 panic!("Expected max AST depth error, got: {}", msg);
43 | |             }
   | |_____________^
   |
   = help: for further information visit https://rust-lang.github.io/rust-clippy/rust-1.94.0/index.html#manual_assert
help: replace `if`-then-`panic!` with `assert!`
   |
41 -             if !msg.contains("maximum AST depth exceeded") {
42 -                 panic!("Expected max AST depth error, got: {}", msg);
43 -             }
41 +             assert!(msg.contains("maximum AST depth exceeded"), "Expected max AST depth error, got: {}", msg)
   |

warning: variables can be used directly in the `format!` string
  --> tests/test_parse_dos.rs:42:17
   |
42 |                 panic!("Expected max AST depth error, got: {}", msg);
   |                 ^^^^^^^^^^^^^^^^^^^^^^^^^^^^^^^^^^^^^^^^^^^^^^^^^^^^
   |
   = help: for further information visit https://rust-lang.github.io/rust-clippy/rust-1.94.0/index.html#uninlined_format_args
help: change this to
   |
42 -                 panic!("Expected max AST depth error, got: {}", msg);
42 +                 panic!("Expected max AST depth error, got: {msg}");
   |

warning: variables can be used directly in the `format!` string
  --> tests/test_parse_dos.rs:60:23
   |
60 |             let msg = format!("{:?}", e);
   |                       ^^^^^^^^^^^^^^^^^^
   |
   = help: for further information visit https://rust-lang.github.io/rust-clippy/rust-1.94.0/index.html#uninlined_format_args
help: change this to
   |
60 -             let msg = format!("{:?}", e);
60 +             let msg = format!("{e:?}");
   |

warning: only a `panic!` in `if`-then statement
  --> tests/test_parse_dos.rs:61:13
   |
61 | /             if !msg.contains("maximum AST depth exceeded") {
62 | |                 panic!("Expected max AST depth error, got: {}", msg);
63 | |             }
   | |_____________^
   |
   = help: for further information visit https://rust-lang.github.io/rust-clippy/rust-1.94.0/index.html#manual_assert
help: replace `if`-then-`panic!` with `assert!`
   |
61 -             if !msg.contains("maximum AST depth exceeded") {
62 -                 panic!("Expected max AST depth error, got: {}", msg);
63 -             }
61 +             assert!(msg.contains("maximum AST depth exceeded"), "Expected max AST depth error, got: {}", msg)
   |

warning: variables can be used directly in the `format!` string
  --> tests/test_parse_dos.rs:62:17
   |
62 |                 panic!("Expected max AST depth error, got: {}", msg);
   |                 ^^^^^^^^^^^^^^^^^^^^^^^^^^^^^^^^^^^^^^^^^^^^^^^^^^^^
   |
   = help: for further information visit https://rust-lang.github.io/rust-clippy/rust-1.94.0/index.html#uninlined_format_args
help: change this to
   |
62 -                 panic!("Expected max AST depth error, got: {}", msg);
62 +                 panic!("Expected max AST depth error, got: {msg}");
   |

warning: calling `push_str()` using a single-character string literal
  --> tests/test_parse_dos.rs:75:5
   |
75 |     payload.push_str("1");
   |     ^^^^^^^^^^^^^^^^^^^^^ help: consider using `push` with a character literal: `payload.push('1')`
   |
   = help: for further information visit https://rust-lang.github.io/rust-clippy/rust-1.94.0/index.html#single_char_add_str
   = note: `-W clippy::single-char-add-str` implied by `-W clippy::all`
   = help: to override `-W clippy::all` add `#[allow(clippy::single_char_add_str)]`

warning: variables can be used directly in the `format!` string
  --> tests/test_parse_dos.rs:81:23
   |
81 |             let msg = format!("{:?}", e);
   |                       ^^^^^^^^^^^^^^^^^^
   |
   = help: for further information visit https://rust-lang.github.io/rust-clippy/rust-1.94.0/index.html#uninlined_format_args
help: change this to
   |
81 -             let msg = format!("{:?}", e);
81 +             let msg = format!("{e:?}");
   |

warning: only a `panic!` in `if`-then statement
  --> tests/test_parse_dos.rs:82:13
   |
82 | /             if !msg.contains("maximum AST depth exceeded") {
83 | |                 panic!("Expected max AST depth error, got: {}", msg);
84 | |             }
   | |_____________^
   |
   = help: for further information visit https://rust-lang.github.io/rust-clippy/rust-1.94.0/index.html#manual_assert
help: replace `if`-then-`panic!` with `assert!`
   |
82 -             if !msg.contains("maximum AST depth exceeded") {
83 -                 panic!("Expected max AST depth error, got: {}", msg);
84 -             }
82 +             assert!(msg.contains("maximum AST depth exceeded"), "Expected max AST depth error, got: {}", msg)
   |

warning: variables can be used directly in the `format!` string
  --> tests/test_parse_dos.rs:83:17
   |
83 |                 panic!("Expected max AST depth error, got: {}", msg);
   |                 ^^^^^^^^^^^^^^^^^^^^^^^^^^^^^^^^^^^^^^^^^^^^^^^^^^^^
   |
   = help: for further information visit https://rust-lang.github.io/rust-clippy/rust-1.94.0/index.html#uninlined_format_args
help: change this to
   |
83 -                 panic!("Expected max AST depth error, got: {}", msg);
83 +                 panic!("Expected max AST depth error, got: {msg}");
   |

warning: `orpheus` (test "test_parse_dos") generated 13 warnings (run `cargo clippy --fix --test "test_parse_dos" -p orpheus` to apply 13 suggestions)
    Finished `dev` profile [unoptimized + debuginfo] target(s) in 18.62s
