   Compiling proc-macro2 v1.0.106
   Compiling quote v1.0.45
   Compiling unicode-ident v1.0.24
   Compiling libc v0.2.183
    Checking cfg-if v1.0.4
   Compiling rustversion v1.0.22
    Checking bitflags v2.11.0
    Checking log v0.4.29
   Compiling thiserror v2.0.18
    Checking memchr v2.8.0
   Compiling syn v2.0.117
    Checking smallvec v1.15.1
    Checking foldhash v0.2.0
   Compiling ident_case v1.0.1
   Compiling strsim v0.11.1
    Checking allocator-api2 v0.2.21
    Checking equivalent v1.0.2
    Checking aho-corasick v1.1.4
    Checking hashbrown v0.16.1
    Checking errno v0.3.14
   Compiling typenum v1.19.0
    Checking unicode-width v0.2.0
    Checking regex-syntax v0.8.10
   Compiling unicode-segmentation v1.12.0
    Checking either v1.15.0
   Compiling heck v0.5.0
   Compiling parking_lot_core v0.9.12
   Compiling signal-hook v0.3.18
   Compiling version_check v0.9.5
   Compiling convert_case v0.10.0
   Compiling generic-array v0.14.7
    Checking itertools v0.14.0
    Checking signal-hook-registry v1.4.8
    Checking castaway v0.2.4
   Compiling rustix v1.1.4
    Checking itoa v1.0.17
    Checking regex-automata v0.4.14
   Compiling instability v0.3.11
    Checking static_assertions v1.1.0
    Checking scopeguard v1.2.0
   Compiling indoc v2.0.7
    Checking ryu v1.0.23
   Compiling darling_core v0.23.0
   Compiling autocfg v1.5.0
   Compiling num-traits v0.2.19
    Checking unicode-truncate v2.0.1
    Checking compact_str v0.9.0
    Checking lock_api v0.4.14
   Compiling thiserror-impl v2.0.18
   Compiling strum_macros v0.27.2
   Compiling derive_more-impl v2.1.1
    Checking lru v0.16.3
   Compiling darling_macro v0.23.0
    Checking mio v1.1.1
    Checking kasuari v0.4.12
   Compiling darling v0.23.0
    Checking linux-raw-sys v0.12.1
    Checking powerfmt v0.2.0
   Compiling litrs v1.0.0
   Compiling pkg-config v0.3.32
   Compiling document-features v0.2.12
   Compiling alsa-sys v0.3.1
    Checking deranged v0.5.8
    Checking strum v0.27.2
    Checking ratatui-core v0.1.0
    Checking signal-hook-mio v0.2.5
    Checking derive_more v2.1.1
    Checking parking_lot v0.12.5
    Checking time-core v0.1.8
   Compiling shlex v1.3.0
    Checking num-conv v0.2.1
    Checking num_threads v0.1.7
    Checking once_cell v1.21.3
   Compiling serde_core v1.0.228
   Compiling find-msvc-tools v0.1.9
    Checking tracing-core v0.1.36
    Checking time v0.3.47
   Compiling cc v1.2.56
    Checking crossterm v0.29.0
    Checking line-clipping v0.3.7
   Compiling serde v1.0.228
   Compiling crossbeam-utils v0.8.21
    Checking ratatui-widgets v0.3.0
    Checking block-buffer v0.10.4
    Checking crypto-common v0.1.7
   Compiling serde_derive v1.0.228
   Compiling generator v0.8.8
    Checking pin-project-lite v0.2.17
    Checking lazy_static v1.5.0
   Compiling built v0.7.7
   Compiling heapless v0.8.0
    Checking byteorder v1.5.0
   Compiling ucd-trie v0.1.7
   Compiling flacenc v0.5.1
    Checking hash32 v0.3.1
    Checking sharded-slab v0.1.7
   Compiling pest v2.8.6
    Checking tracing v0.1.44
    Checking ratatui-macros v0.7.0
    Checking digest v0.10.7
    Checking alsa v0.9.1
    Checking ratatui-crossterm v0.1.0
    Checking tracing-log v0.2.0
    Checking matchers v0.2.0
    Checking thread_local v1.1.9
   Compiling cpal v0.15.3
    Checking crc-catalog v2.4.0
    Checking nu-ansi-term v0.50.3
    Checking stable_deref_trait v1.2.1
    Checking crc v3.4.0
    Checking tracing-subscriber v0.3.23
   Compiling pest_meta v2.8.6
    Checking ratatui v0.30.0
    Checking crossbeam-channel v0.5.15
    Checking md-5 v0.10.6
    Checking scoped-tls v1.0.1
    Checking dasp_sample v0.11.0
   Compiling seq-macro v0.3.6
    Checking loom v0.7.2
   Compiling pest_generator v2.8.6
    Checking ratatui-hypertile v0.3.0
    Checking orpheus-pattern v0.1.0 (/app/crates/orpheus-pattern)
   Compiling anyhow v1.0.102
    Checking hound v3.5.1
    Checking predicates-core v1.0.10
    Checking bitflags v1.3.2
    Checking rtrb v0.3.3
    Checking midir v0.10.3
   Compiling pest_derive v2.8.6
    Checking ratatui-hypertile-extras v0.3.0
    Checking comfy-table v7.2.2
    Checking float-cmp v0.10.0
    Checking regex v1.12.3
    Checking termtree v0.5.1
    Checking orpheus-dsp v0.1.0 (/app/crates/orpheus-dsp)
    Checking anstyle v1.0.13
    Checking difflib v0.4.0
    Checking normalize-line-endings v0.3.0
   Compiling assert_cmd v2.1.2
    Checking predicates v3.1.4
    Checking predicates-tree v1.0.13
    Checking bstr v1.12.1
    Checking wait-timeout v0.2.1
    Checking orpheus-lang v0.1.0 (/app/crates/orpheus-lang)
    Checking orpheus v0.1.0 (/app)
    Finished `dev` profile [unoptimized + debuginfo] target(s) in 24.90s
